;MAINDEC-10-I108.INP









		IDENTIFICATION
		--------------

	PRODUCT CODE:	MAINDEC-10-I108.INP

	PRODUCT NAME:	DECSYSTEM10 KL10 DIAGNOSTIC LIST

	VERSION:	4.8

	DATE:		AUGUST 1976

	AUTHOR:		JOHN R. KIRCHOFF


	MAINTAINED BY:	DECSYSTEM10 RELEASE ENGINEERING
DIAGNOSTIC MAGTAPE CREATED BY MAGTAP VER 0.1 ON 23-AUG-76 AT 14:22

  0. MAGTAP RDI         20-FEB-76 	MAGTAPE READ-IN BOOTSTRAP


;MAGTAPE UTILITY PROGRAMS AND DIRECTORY FILES

  1. MAGTAP SAV   0.1    5-MAR-65 	MAGTAPE CREATOR

  2. MAGMON SAV   0.10  26-FEB-76 	MAGTAPE MONITOR

  3. MAGTAP MTA         23-AUG-76 	INTERNAL MAGTAPE DIRECTORY

  4. MAGTAP DIR         23-AUG-76 	PRINTABLE MAGTAPE DIRECTORY

  5. I108   INP         23-AUG-76 	MAGTAPE INPUT FILE - 1080 REV 8

  6. SUBRTN A10   0.11   3-JUN-76 	PDP-10 SUBRTN

  7. KLDDT  A10   0.10  26-FEB-76 	PDP-10 DDT

  8. I208   INP         23-AUG-76 	MAGTAPE INPUT FILE - 2040 REV 8
;CONSOLE

  9. KLDCP  BIN         22-JUN-76 	KL10 DIAGNOSTIC CONSOLE
 10. KLDCPU A11   0.11  22-JUN-76 	KL10 CONSOLE UTILITY
 11. CDUMP  A11   0.11  22-JUN-76 	KL10 CONSOLE CORE DUMP UTILITY
 12. KLDCP  HLP         22-JUN-76 	  HELP FILE

 13. KLDTBT BIN         27-JAN-76 	KLDCP DECTAPE BOOT
 14. KLRXBT BIN         27-JAN-76 	KLDCP FLOPPY BOOT

 15. UPD2   BIN         27-JAN-76 	UPDATE PROGRAM #2
 16. XTECO  BIN         27-JAN-76 	TEXT EDITOR

;SYSTEM #1

 17. U      RAM    126  18-DEC-75 	KL10 MICROCODE

 18. B      CMD         26-FEB-76 	KL10 DIAGNOSTIC RUN FILE
 19. BT     CMD         22-JUN-76 	KL10 BOOT TEN RUN FILE

 20. CONFG  CCL          4-DEC-75 	MEMORY CONFIGURATION RUN FILE
 21. KLLD   CCL         13-FEB-76 	KL10 "SUBRTN" & "KLDDT"  LOAD

 22. CONEX  A11   0.10   6-APR-76 	CONSOLE EXTENSION & MEMORY CONFIGURATOR
 23. CONEX  HLP          9-APR-76 	  HELP FILE

 24. SUBRTN A10   0.11   3-JUN-76 	PDP-10 SUBROUTINE PROGRAM
 25. KLDDT  A10   0.10  26-FEB-76 	PDP-10 DDT
 26. DIAMON A10   0.11   1-JUN-76 	PDP-10 DIAGNOSTIC MONITOR
 27. MAGMON A10   0.10  26-FEB-76 	PDP-10 MAGTAPE MONITOR

;SYSTEM #2

 28. KLCPU  CMD         24-FEB-76 	FUNCTIONAL COMMAND RUN FILE
 29. KLCPUO CMD         24-FEB-76 	OLD FUNCTIONAL COMMAND RUN FILE
 30. KLPROC CMD         13-FEB-76 	"DIAMON" FUNCTIONAL RUN FILE
 31. KLPROO CMD         13-FEB-76 	"DIAMON" OLD FUNCTIONAL RUN FILE
 32. KLUSR  CMD         13-FEB-76 	"DIAMON" USER FUNCTIONAL RUN FILE
 33. KLUSRO CMD         13-FEB-76 	"DIAMON" OLD USER FUNCTIONAL RUN FILE

 34. X1     CCL          4-DEC-75 	EXTERNAL MEMORY CONFG - 1 WAY INTERLEAVE
 35. X2     CCL          4-DEC-75 	EXTERNAL MEMORY CONFG - 2 WAY INTERLEAVE
 36. X4     CCL          4-DEC-75 	EXTERNAL MEMORY CONFG - 4 WAY INTERLEAVE

 37. TRACE  A11   0.8   18-FEB-76 	DIAGNOSTIC SIGNAL TRACE UTILITY
 38. TRACE  HLP          3-SEP-75 	  HELP FILE
	
 39. DGQDD  A11    1    29-JUN-76 	DLDP - DL11E MONITOR
 40. DGQDE  A11    1    21-JUN-76 	DN87S LOADER UTILITY PROGRAM
;SPECIAL #1

 41. MARGN  CMD          8-APR-76 	CMD FILE TO MARGIN TEST INTERNAL MEMORIES
 42. MARGNR CMD          8-APR-76 	CMD FILE TO MARGIN TEST RELOCATED INTERNAL MEMORIES
 43. CONFG1 CCL          2-APR-76 	INTERNAL MEMORY CONFG - 1 WAY INTERLEAVE
 44. CONFGR CCL          6-APR-76 	CCL FILE TO RELOCATE INTERNAL MEMORIES
 45. MEMLOD CCL          8-APR-76 	CCL FILE TO TURN OFF MARGINS AND LOAD DDMMG
 46. PATTST CCL          8-APR-76 	CCL FILE TO PATCH DDMMG TO RUN A PATTERN TEST
 47. ADRTST CCL          8-APR-76 	CCL FILE TO PATCH DDMMG TO RUN AN ADDRESS TEST
 48. WCPTST CCL          8-APR-76 	CCL FILE TO PATCH DDMMG TO RUN WORST-CASE PATTERNS
 49. LOMARC CCL          5-APR-76 	CCL FILE TO SET LOW CURRENT MARGINS
 50. HIMARC CCL          5-APR-76 	CCL FILE TO SET HIGH CURRENT MARGINS
 51. LOMARS CCL          5-APR-76 	CCL FILE TO SET LOW STROBE MARGINS
 52. HIMARS CCL          5-APR-76 	CCL FILE TO SET HIGH STROBE MARGINS
 53. LOMART CCL          5-APR-76 	CCL FILE TO SET LOW THRESHOLD MARGINS
 54. HIMART CCL          5-APR-76 	CCL FILE TO SET HIGH THRESHOLD MARGINS
 55. MGNOFF CCL          2-APR-76 	CCL FILE TO CLEAR MARGINS
;KL10 PROCESSOR FUNCTIONAL DIAGNOSTICS (NEW)

 56. DFKAA  A10   0.1   25-AUG-75 	BASIC INSTRUCTIONS #1
 57. DFKAB  A10   0.1   11-SEP-75 	BASIC INSTRUCTIONS #2
 58. DFKAC  A10   0.1   11-SEP-75 	BASIC INSTRUCTIONS #3
 59. DFKAD  A10   0.1   11-SEP-75 	BASIC INSTRUCTIONS #4

 60. DFKBA  A10   0.1   11-SEP-75 	BASIC INSTRUCTION RELIABILITY

 61. DFKCA  A10   0.1    8-SEP-75 	ADVANCED INSTRUCTIONS

 62. DFKDA  A10   0.1   11-SEP-75 	CPU/PI/MEMORY RELIABILITY

 63. DFKEA  A10   0.1    2-MAY-75 	PAGING HARDWARE
 64. DFKEB  A10   0.1    2-MAY-75 	MUUO & USER MODE

 65. DFKFB  A10   0.1    2-MAY-75 	INSTRUCTION TIMING

 66. DFKFD  A10   0.2    7-JUL-75 	I/O BUS TESTER

 67. DFDTE  A10   1.7    9-JAN-76 	DTE20 10/11 INTERFACE
;KL10 PROCESSOR FUNCTIONAL DIAGNOSTICS (OLD)

 68. DEKAA  A10   0.1   29-APR-75 	BASIC INSTRUCTIONS #1
 69. DEKAB  A10   0.1   29-APR-75 	BASIC INSTRUCTIONS #2
 70. DEKAC  A10   0.1   29-APR-75 	BASIC INSTRUCTIONS #3
 71. DEKAD  A10   0.1   29-APR-75 	BASIC INSTRUCTIONS #4
 72. DEKAE  A10   0.1   29-APR-75 	BASIC INSTRUCTIONS #5
 73. DEKAF  A10   0.1   29-APR-75 	BASIC INSTRUCTIONS #6
 74. DEKAG  A10   0.1   29-APR-75 	BASIC INSTRUCTIONS #7
 75. DFKAH  A10   0.2    7-JUL-75 	BASIC INSTRUCTIONS #8
 76. DEKAI  A10   0.1   29-APR-75 	BASIC INSTRUCTIONS #9
 77. DEKAJ  A10   0.1   29-APR-75 	BASIC INSTRUCTIONS #10
 78. DEKAK  A10   0.1   29-APR-75 	BASIC INSTRUCTIONS #11
 79. DEKAL  A10   0.1   29-APR-75 	BASIC INSTRUCTIONS #12
 80. DEKAM  A10   0.1   29-APR-75 	BASIC INSTRUCTIONS #13

 81. DEKBA  A10   0.1   29-APR-75 	BASIC INSTRUCTION RELIABILITY #1
 82. DEKBB  A10   0.1   29-APR-75 	BASIC INSTRUCTION RELIABILITY #2
 83. DEKBC  A10   0.1   29-APR-75 	BASIC INSTRUCTION RELIABILITY #3
 84. DEKBD  A10   0.1   29-APR-75 	BASIC INSTRUCTION RELIABILITY #4

 85. DEKCA  A10   0.1   29-APR-75 	ADVANCED INSTRUCTIONS #1
 86. DEKCB  A10   0.1   29-APR-75 	ADVANCED INSTRUCTIONS #2
 87. DEKCC  A10   0.1   29-APR-75 	ADVANCED INSTRUCTIONS #3
 88. DEKCD  A10   0.1   29-APR-75 	ADVANCED INSTRUCTIONS #4
 89. DEKCE  A10   0.1   29-APR-75 	ADVANCED INSTRUCTIONS #5

 90. DFKDC  A10   0.2    7-JUL-75 	INTERRUPT RELIABILITY
;PDP-10 MEMORY DIAGNOSTICS

 91. DDMMD  A10   0.1   12-JUN-75 	MEMORY
 92. DDMME  A10   0.1   16-JUN-75 	BLT/MEMORY EXERCISER
 93. DDMMF  A10   0.1   16-JUN-75 	FLOATING ONES/ZEROS
 94. DDMMG  A10   0.1   12-JUN-75 	4096K MEMORY

;PDP-10 BASIC PERHIPERAL DIAGNOSTICS

 95. DDLPA  A10   0.2    4-SEP-75 	LINE PRINTER
 96. DDLAA  A10   0.2   11-JUN-76 	LA36 TERMINAL
 97. DDVTA  A10   0.2   11-JUN-76 	VIDEO TERMINAL

;PDP-10 RH20 CONTROLLER DIAGNOSTIC

 98. DFRHB  A10   0.10  11-JUN-76 	RH20 DEVICE-LESS

;PDP-10 TM02-TU16/TU45 MAGNETIC TAPE DIAGNOSTICS

 99. DFTUE  A10   0.2   30-JUN-76 	BASIC & RELIABILITY
100. DFTUF  A10   0.2   10-JUN-76 	RH20 MULTI-DRIVE EXERCISER
	
101. DDTUH  A10   0.2    7-JUN-76 	RH10 MULTI-DRIVE EXERCISER
102. DDTUG  A10   0.2   30-JUN-76 	RH10 TM02/TU16 BASIC/RELIABILITY DIAGNOSTIC
	
;PDP-10 RH20/RP04 (MASSBUS) DISK DIAGNOSTICS

103. DFRPH  A10   0.1   10-DEC-75 	RH20/RP04 BASIC DEVICE
104. DDRPI  A10   0.3   16-AUG-76 	RH20/RP04/5/6 RELIABILITY

;PDP-10 RH20/RP06 (MASSBUS) DISK DIAGNOSTICS
	
105. DFRPK  A10   0.1   10-JUN-76 	RH20/RP06 BASIC DEVICE
	
;PDP-10 EXERCISER DIAGNOSTICS

106. DFSXA  A10   0.2   30-JUL-76 	2040 SYSTEM EXERCISER

;PDP-10 USER-MODE SYSTEM DIAGNOSTIC SUPPORT PROGRAMS

107. DIAMON SAV   0.11   3-JUN-76 	PDP-10 DIAGNOSTIC MONITOR

108. RP04LD ABS          6-FEB-76 	RP04 KLDCP BOOT
109. PMAKER HLP          3-FEB-76 	RP04 DIAGNOSTIC PACK HELP FILE
110. PMAKER EXE          1-JUL-76 	RP04 DIAGNOSTIC PACK CREATOR
111. P108   CMD         23-AUG-76 	RP04 CREATION FILE - 1080 REV 8
112. P208   CMD         23-AUG-76 	RP04 CREATION FILE - 2040 REV 8
113. SYS    CMD         12-JUL-76 	RP04 SYSTEM CREATION FILE
114. WHEEL  SAV 103.4    7-JAN-76 	RP04 CREATION PRIVILEGE PROGRAM

;PDP-10 USER-MODE FIELD SERVICE SUPPORT

115. ERROR  RPT         23-JAN-76 	PM FEEDBACK REPORT FORM
116. SCHED  SAV   0.420 28-JAN-76 	PM SCHEDULING PROGRAM
117. SCHED  HLP         26-JAN-76 	PM SCHEDULING HELP FILE
118. README HLP         23-JAN-76 	PM PACKAGE HELP FILE
119. SCHED  INP         27-JAN-76 	PM SCHEDULING TABLE
;DECSYSTEM10 1080 PERHIPERAL DIAGNOSTICS

;PDP-10 BASIC PERHIPERALS

120. DDCPA  A10   0.2    2-APR-76 	CARD PUNCH
	
121. DDCRA  A10   0.2    4-NOV-75 	CARD READER

122. DDDKA  A10   0.1    4-SEP-75 	DK10 REAL TIME CLOCK

123. DDDTA  A10   0.1   30-MAR-76 	DT03-CC SWITCH CONTROLLER - A
	
124. DDDTB  A10   0.1   30-MAR-76 	DT03-CC SWITCH CONTROLLER - B
	
125. DDXYA  A10   0.1   30-MAR-76 	CALCOMP PLOTTER
	
;PDP-10 DECTAPE DIAGNOSTICS

126. DDTDA  A10         12-JUN-75 	TD10 DIAGNOSTIC #1
127. DDTDB  A10         12-JUN-75 	TD10 DIAGNOSTIC #2
128. DDTDC  A10         12-JUN-75 	TD10 DIAGNOSTIC #3
129. DDTDD  A10   0.2   21-OCT-75 	DECTAPE RELIABILITY
130. DDTDE  A10         12-JUN-75 	DECTAPE CERTIFICATION

;PDP-10 TM10B MAGNETIC TAPE DIAGNOSTICS

131. DDTMD  A10         12-JUN-75 	TM10B DIAGNOSTIC #1
132. DDTME  A10         12-JUN-75 	TM10B DIAGNOSTIC #2
133. DDTMF  A10         12-JUN-75 	TM10B DIAGNOSTIC #3
134. DDTMH  A10          2-JUL-75 	TM10B RELIABILITY

;PDP-10 TU70 MAGNETIC TAPE DIAGNOSTICS

135. DDDXA  A10   0.3    4-NOV-75 	DX10 DATA CHANNEL #1
136. DDDXB  A10   0.3    4-NOV-75 	DX10 DATA CHANNEL #2

137. DDTUA  A10   0.3    4-NOV-75 	TU70 SUBSYSTEM
138. DDTUB  A10   0.2    4-NOV-75 	TU70 RELIABILITY

139. DXDXA  A8    0.1   30-OCT-75 	DX10 MICRO-DIAGNOSTIC

140. DXMPA  A8    2(3)   6-OCT-75 	DX10 I/O MICROPROCESSOR MICROCODE

141. DJKKA  A8    0.2    9-OCT-75 	PDP-8A DIAGNOSTIC CPU
142. DJMSA  A8    0.1    9-OCT-75 	PDP-8A DIAGNOSTIC MEMORY
143. DJEXA  A8    0.1    9-OCT-75 	PDP-8A DIAGNOSTIC EXERCISER
;PDP-10 RH10 CONTROLLER DIAGNOSTIC

144. DDRHA  A10   0.3   11-MAY-76 	RH10 DEVICE-LESS

;PDP-10 RH10/RS04 (MASSBUS) DISK DIAGNOSTICS

145. DDRSB  A10         13-AUG-75 	RH10/RS04 DISK TRANSFER & RELIABILITY
146. DDRSC  A10   0.1    9-JAN-76 	RH10/RS04 BASIC DEVICE

;PDP-10 RH10/RP04 (MASSBUS) DISK DIAGNOSTICS

147. DDRPF  A10         12-JUN-75 	RH10/RP04 STATIC & MAINTENANCE
148. DDRPH  A10   0.1   10-DEC-75 	RH10/RP04 BASIC DEVICE

;PDP-10 RH10/RP06 (MASSBUS) DISK DIAGNOSTICS
	
149. DDRPK  A10   0.1    4-JUN-76 	RH10/RP06 BASIC DEVICE
	
;PDP-10 RP10C/RP02/RP03 DISK DIAGNOSTICS

150. DDRPA  A10         12-JUN-75 	INTERFACE #1
151. DDRPB  A10         12-JUN-75 	INTERFACE #2
152. DDRPC  A10         12-JUN-75 	RELIABILITY

;PDP-10 DISK SUBSYSTEM USER-MODE

153. DDRPD  SAV 500.151  2-OCT-75 	USER MODE DISK PERFORMANCE

;PDP-10 COMMUNICATIONS DIAGNOSTICS

154. DDDCA  A10   0.2   21-OCT-75 	DC10

155. DDDLA  A10   0.3   28-JUN-76 	DL10 DIAGNOSTIC #1
156. DDDLB  A10         12-JUN-75 	DL10 DIAGNOSTIC #2

157. DXDLC  BIN          6-OCT-72 	DL10 PDP-11 SIDE

158. DDDLG  A10         12-JUN-75 	DL10 PDP-11 LOADER
159. DDDLH  A10   0.1    2-APR-76 	DL10 EXEC-MODE DOWNLINE LOADER

160. DDDMA  A10   0.1   11-MAY-76 	PDP10/PDP11 MEMORY LINK TEST
	
;PDP-10 EXERCISER DIAGNOSTICS

161. DDQCB  A10   0.4   13-FEB-76 	MEMORY PORT INTERACTION

162. DDDFA  A10         12-JUN-75 	DF10/DF10C
;PDP-10 COMMUNICATIONS (DA28) DIAGNOSTICS

163. DDDAE  A10   0.2    3-JUN-76 	DA28 DIAGNOSTIC

164. DDDAF  A10   0.3    3-JUN-76 	DA28 DIAGNOSTIC TEST MONITOR

165. DXDAG  BIN         12-FEB-76 	DA28F INTERPROCESSOR BUFFER INTERFACE
166. DXDAH  BIN          8-MAR-76 	DA28-F/H INTERACTIVE PDP-11 SIDE

167. DXDAI  BIN          7-MAY-75 	DA28F BASIC TEST

168. DXDAJ  BIN          5-JUN-75 	DA28A INTERACTION TEST

169. DXDAN  BIN          8-MAR-76 	DA28-H INTERACIVE PDP-15 SIDE

170. DXDMB  BIN         24-SEP-75 	DMA10 MEMORY LINK TEST
	
171. DCDAM  SAV   0.4    9-JUN-75 	BOOTSTRAP PDP8, 11 OR 15 VIA DA28
;KL10 PROCESSOR HARDWARE DIAGNOSTICS

172. KLDIAG CMD          3-MAR-76 	DIAGNOSTIC COMMAND RUN FILE

173. DIACON HLP          8-APR-75 	DIAGNOSTIC EXECUTIVE HELP FILE

174. DGDTE  A11   0.7    8-SEP-75 	DTE20 10-11 INTERFACE

175. DGKAA  A11   0.8    3-MAR-76 	E-BOX PART 1
176. DGKAB  A11   0.8    3-MAR-76 	E-BOX PART 2
177. EBOX   RAM    12    3-MAR-76 	E-BOX PART 2 DIAGNOSTIC MICROCODE

178. DGKBA  A11   0.8   25-FEB-76 	M-BOX BASIC
179. DGKBB  A11   0.8    1-MAR-76 	MEMORY CONTROL & MEMORY
180. MBOX   RAM    126  18-DEC-75 	M-BOX DIAGNOSTIC MICROCODE

181. DGKBC  A11   0.8    1-MAR-76 	PAGING LOGIC

182. DGMCA  A11   0.8   24-FEB-76 	M-BOX MCA20 CACHE OPTION

183. DGKCA  A11   0.8    1-MAR-76 	METER BOARD

184. DGKBD  A11   0.8   16-MAR-76 	MBOX CHANNEL CONTROL
185. DGKBE  A11   0.8   16-MAR-76 	MBOX CHANNEL LOOPBACK

186. DS1017 A11   0.8   16-FEB-76 	DIAG SIGNAL TRANSLATOR DF 100-117
187. DS1257 A11   0.8   16-FEB-76 	DIAG SIGNAL TRANSLATOR DF 120-157
188. DS1677 A11   0.8   16-FEB-76 	DIAG SIGNAL TRANSLATOR DF 160-177
;KL10 HARDWARE SUPPORT FILES

;DGKBA 

189. A7M1   TIC   0.8   17-FEB-76 
190. A7M2   TIC   0.8   17-FEB-76 
191. A7M3   TIC   0.8   17-FEB-76 

192. A10M1  TIC   3.7   17-FEB-76 
193. A10M2  TIC   3.7   17-FEB-76 
194. A10M4  TIC   0.8   17-FEB-76 

195. A16M1  TIC   0.8   17-FEB-76 
196. A16M2  TIC   0.8   17-FEB-76 
197. A16M3  TIC   0.8   17-FEB-76 
198. A16M4  TIC   0.8   17-FEB-76 

199. A18M1  TIC   0.8   17-FEB-76 
200. A18M2  TIC   0.8   17-FEB-76 

201. A19M1  TIC   0.8   17-FEB-76 
202. A19M2  TIC   0.8   17-FEB-76 
203. A19M3  TIC   3.7   17-FEB-76 
204. A19M4  TIC   0.8   17-FEB-76 
205. A19M7  TIC   0.8   17-FEB-76 
206. A19M8  TIC   0.8   17-FEB-76 
207. A19M9  TIC   3.7   17-FEB-76 
208. A19M10 TIC   0.8   17-FEB-76 
209. A19M13 TIC   0.8   17-FEB-76 
210. A19M14 TIC   0.8   17-FEB-76 
211. A19M15 TIC   3.7   17-FEB-76 
212. A19M16 TIC   0.8   17-FEB-76 
213. A19M19 TIC   0.8   17-FEB-76 
214. A19M20 TIC   0.8   17-FEB-76 
215. A19M21 TIC   3.7   17-FEB-76 
216. A19M22 TIC   0.8   17-FEB-76 

217. A20M1  TIC   3.7   17-FEB-76 
218. A20M2  TIC   0.8   17-FEB-76 

219. A21M1  TIC   0.8   17-FEB-76 
220. A21M2  TIC   0.8   17-FEB-76 
221. A21M3  TIC   3.7   17-FEB-76 

222. A23M1  TIC   0.8   17-FEB-76 
223. A23M2  TIC   3.7   17-FEB-76 
224. A23M3  TIC   3.7   17-FEB-76 
225. A23M4  TIC   0.8   17-FEB-76 
226. A23M5  TIC   3.7   17-FEB-76 
227. A23M6  TIC   0.8   17-FEB-76 
228. A23M7  TIC   0.8   17-FEB-76 
229. A23M8  TIC   0.8   17-FEB-76 
230. A23M9  TIC   3.7   17-FEB-76 
;KL10 HARDWARE SUPPORT FILES

;DGMCA 

231. K2M1   TIC   0.8   25-FEB-76 

232. K3M1   TIC   0.8   25-FEB-76 
233. K3M2   TIC   0.8   25-FEB-76 
234. K3M3   TIC   0.8   25-FEB-76 

235. K4M1   TIC   0.8   25-FEB-76 
236. K4M4   TIC   0.8   25-FEB-76 

237. K8M1   TIC   0.8   25-FEB-76 
238. K8M2   TIC   0.8   25-FEB-76 
239. K8M3   TIC   0.8   25-FEB-76 

240. K9M1   TIC   0.8   25-FEB-76 
241. K9M4   TIC   0.8   25-FEB-76 

242. K13M1  TIC   0.8   25-FEB-76 
243. K13M2  TIC   0.8   25-FEB-76 
244. K13M3  TIC   0.8   25-FEB-76 

245. K14M1  TIC   0.8   25-FEB-76 
246. K14M4  TIC   0.8   25-FEB-76 

247. K18M1  TIC   0.8   25-FEB-76 
248. K18M2  TIC   0.8   25-FEB-76 
249. K18M3  TIC   0.8   25-FEB-76 

250. K19M1  TIC   0.8   25-FEB-76 
251. K19M4  TIC   0.8   25-FEB-76 
;KL10 HARDWARE SUPPORT FILES

;DGMCA		(CON'T)

252. K23M1  TIC   0.8   25-FEB-76 
253. K23M2  TIC   0.8   25-FEB-76 

254. K26M1  TIC   0.8   25-FEB-76 
255. K26M2  TIC   0.8   25-FEB-76 
256. K26M3  TIC   0.8   25-FEB-76 
257. K26M4  TIC   0.8   25-FEB-76 
258. K26M5  TIC   0.8   25-FEB-76 
259. K26M6  TIC   0.8   25-FEB-76 
260. K26M7  TIC   0.8   25-FEB-76 
261. K26M8  TIC   0.8   25-FEB-76 
262. K26M9  TIC   0.8   25-FEB-76 
263. K26M10 TIC   0.8   25-FEB-76 
264. K26M11 TIC   0.8   25-FEB-76 
265. K26M12 TIC   0.8   25-FEB-76 

266. K27M1  TIC   0.8   25-FEB-76 
267. K27M2  TIC   0.8   25-FEB-76 

268. K30M1  TIC   0.8   25-FEB-76 
269. K30M2  TIC   0.8   25-FEB-76 
270. K30M3  TIC   0.8   25-FEB-76 
271. K30M4  TIC   0.8   25-FEB-76 
272. K30M5  TIC   0.8   25-FEB-76 
273. K30M6  TIC   0.8   25-FEB-76 
274. K30M7  TIC   0.8   25-FEB-76 
275. K30M8  TIC   0.8   25-FEB-76 
276. K30M9  TIC   0.8   25-FEB-76 
277. K30M10 TIC   0.8   25-FEB-76 
278. K30M11 TIC   0.8   25-FEB-76 
279. K30M12 TIC   0.8   25-FEB-76 

280. K31M1  TIC   0.8   25-FEB-76 
281. K31M2  TIC   0.8   25-FEB-76 
;KL10 HARDWARE SUPPORT FILES

;DGMCA		(CON'T)

282. K34M1  TIC   0.8   25-FEB-76 
283. K34M2  TIC   0.8   25-FEB-76 
284. K34M3  TIC   0.8   25-FEB-76 
285. K34M4  TIC   0.8   25-FEB-76 
286. K34M5  TIC   0.8   25-FEB-76 
287. K34M6  TIC   0.8   25-FEB-76 
288. K34M7  TIC   0.8   25-FEB-76 
289. K34M8  TIC   0.8   25-FEB-76 
290. K34M9  TIC   0.8   25-FEB-76 
291. K34M10 TIC   0.8   25-FEB-76 
292. K34M11 TIC   0.8   25-FEB-76 
293. K34M12 TIC   0.8   25-FEB-76 

294. K35M1  TIC   0.8   25-FEB-76 
295. K35M2  TIC   0.8   25-FEB-76 

296. K38M1  TIC   0.8   25-FEB-76 
297. K38M2  TIC   0.8   25-FEB-76 
298. K38M3  TIC   0.8   25-FEB-76 
299. K38M4  TIC   0.8   25-FEB-76 
300. K38M5  TIC   0.8   25-FEB-76 
301. K38M6  TIC   0.8   25-FEB-76 
302. K38M7  TIC   0.8   25-FEB-76 
303. K38M8  TIC   0.8   25-FEB-76 
304. K38M9  TIC   0.8   25-FEB-76 
305. K38M10 TIC   0.8   25-FEB-76 
306. K38M11 TIC   0.8   25-FEB-76 
307. K38M12 TIC   0.8   25-FEB-76 

308. K41M1  TIC   0.8   25-FEB-76 
309. K41M2  TIC   0.8   25-FEB-76 
310. K41M3  TIC   0.8   25-FEB-76 
311. K41M4  TIC   0.8   25-FEB-76 
;KL10 HARDWARE SUPPORT FILES

;DGMCA		(CON'T)

312. K42M1  TIC   0.8   25-FEB-76 
313. K42M2  TIC   0.8   25-FEB-76 
314. K42M3  TIC   0.8   25-FEB-76 
315. K42M4  TIC   0.8   25-FEB-76 
316. K42M5  TIC   0.8   25-FEB-76 
317. K42M6  TIC   0.8   25-FEB-76 
318. K42M7  TIC   0.8   25-FEB-76 
319. K42M8  TIC   0.8   25-FEB-76 
320. K42M9  TIC   0.8   25-FEB-76 

321. K43M1  TIC   0.8   25-FEB-76 
322. K43M2  TIC   0.8   25-FEB-76 
323. K43M3  TIC   0.8   25-FEB-76 
324. K43M4  TIC   0.8   25-FEB-76 

325. K44M1  TIC   0.8   25-FEB-76 
326. K44M2  TIC   0.8   25-FEB-76 

327. K45M1  TIC   0.8   25-FEB-76 
328. K45M2  TIC   0.8   25-FEB-76 
329. K45M3  TIC   0.8   25-FEB-76 
330. K45M4  TIC   0.8   25-FEB-76 
331. K45M5  TIC   0.8   25-FEB-76 

332. K47M1  TIC   0.8   25-FEB-76 

333. K49M1  TIC   0.8   25-FEB-76 
334. K49M2  TIC   0.8   25-FEB-76 
;KL10 HARDWARE SUPPORT FILES

;DGKBC 

335. P3M1   TIC   0.8    2-MAR-76 
336. P3M2   TIC   0.8    2-MAR-76 
337. P3M3   TIC          2-MAR-76 
338. P3M4   TIC   0.8    2-MAR-76 

339. P4M1   TIC   0.8    2-MAR-76 
340. P4M2   TIC   0.8    2-MAR-76 

341. P5M1   TIC   0.8    2-MAR-76 
342. P5M2   TIC   0.8    2-MAR-76 

343. P9M1   TIC   0.8    2-MAR-76 

344. P10M1  TIC   0.8    2-MAR-76 
345. P10M3  TIC   0.8    2-MAR-76 
346. P10M7  TIC   0.8    2-MAR-76 
347. P10M12 TIC   0.8    2-MAR-76 
;KL10 HARDWARE SUPPORT FILES

;DGKBD 

348. C4C2   TIC   0.8   17-MAR-76 
349. C4C12  TIC   0.8   17-MAR-76 
350. C4C22  TIC   0.8   17-MAR-76 
351. C4C32  TIC   0.8   17-MAR-76 
352. C4C42  TIC   0.8   17-MAR-76 
353. C4C52  TIC   0.8   17-MAR-76 
354. C4C62  TIC   0.8   17-MAR-76 
355. C4C72  TIC   0.8   17-MAR-76 

356. C5C2   TIC   0.8   17-MAR-76 
357. C5C3   TIC   0.8   17-MAR-76 

358. C9C2   TIC   0.8   17-MAR-76 
359. C9C12  TIC   0.8   17-MAR-76 
360. C9C22  TIC   0.8   17-MAR-76 
361. C9C32  TIC   0.8   17-MAR-76 
362. C9C42  TIC   0.8   17-MAR-76 
363. C9C52  TIC   0.8   17-MAR-76 
364. C9C62  TIC   0.8   17-MAR-76 
365. C9C72  TIC   0.8   17-MAR-76 

366. C9C4   TIC   0.8   17-MAR-76 
367. C9C15  TIC   0.8   17-MAR-76 
368. C9C25  TIC   0.8   17-MAR-76 
369. C9C35  TIC   0.8   17-MAR-76 
370. C9C45  TIC   0.8   17-MAR-76 
371. C9C55  TIC   0.8   17-MAR-76 
372. C9C65  TIC   0.8   17-MAR-76 
373. C9C75  TIC   0.8   17-MAR-76 
	
374. C15C1  TIC   0.8   17-MAR-76 
375. C15C11 TIC   0.8   17-MAR-76 
376. C15C21 TIC   0.8   17-MAR-76 
377. C15C31 TIC   0.8   17-MAR-76 
378. C15C41 TIC   0.8   17-MAR-76 
379. C15C51 TIC   0.8   17-MAR-76 
380. C15C61 TIC   0.8   17-MAR-76 
381. C15C71 TIC   0.8   17-MAR-76 

382. C17C1  TIC   0.8   17-MAR-76 
383. C17C2  TIC   0.8   17-MAR-76 
384. C17C3  TIC   0.8   17-MAR-76 
385. C17C11 TIC   0.8   17-MAR-76 
386. C17C12 TIC   0.8   17-MAR-76 
387. C17C13 TIC   0.8   17-MAR-76 
388. C17C21 TIC   0.8   17-MAR-76 
389. C17C22 TIC   0.8   17-MAR-76 
390. C17C23 TIC   0.8   17-MAR-76 
391. C17C31 TIC   0.8   17-MAR-76 
392. C17C32 TIC   0.8   17-MAR-76 
393. C17C33 TIC   0.8   17-MAR-76 
394. C17C41 TIC   0.8   17-MAR-76 
395. C17C51 TIC   0.8   17-MAR-76 
396. C17C61 TIC   0.8   17-MAR-76 
397. C17C71 TIC   0.8   17-MAR-76 
398. C17C42 TIC   0.8   17-MAR-76 
399. C17C52 TIC   0.8   17-MAR-76 
400. C17C62 TIC   0.8   17-MAR-76 
401. C17C72 TIC   0.8   17-MAR-76 
402. C17C43 TIC   0.8   17-MAR-76 
403. C17C53 TIC   0.8   17-MAR-76 
404. C17C63 TIC   0.8   17-MAR-76 
405. C17C73 TIC   0.8   17-MAR-76 
;KL10 HARDWARE ISOLATION FILES

;DGKAA 

406. E1     A11   0.7   11-FEB-76 
407. E2     A11   0.7    7-FEB-76 
408. E3     A11   0.7    7-FEB-76 
409. E4     A11   0.7    7-FEB-76 
410. E5     A11   0.7    7-FEB-76 
411. E6     A11   0.7    7-FEB-76 
412. E7     A11   0.7   11-FEB-76 
413. E8     A11   0.7    7-FEB-76 
414. E9     A11   0.7    7-FEB-76 

415. E10    A11   0.7    7-FEB-76 
416. E11    A11   0.7    7-FEB-76 
417. E12    A11   0.7   19-FEB-76 
418. E13    A11   0.7    7-FEB-76 
419. E14    A11   0.7    7-FEB-76 
420. E15    A11   0.7    7-FEB-76 
421. E16    A11   0.7    7-FEB-76 
422. E17    A11   0.7    7-FEB-76 
423. E18    A11   0.7    7-FEB-76 
424. E19    A11   0.7    7-FEB-76 

425. E20    A11   0.7    7-FEB-76 
426. E21    A11   0.7    7-FEB-76 
427. E22    A11   0.7    7-FEB-76 
428. E23    A11   0.7    7-FEB-76 
429. E24    A11   0.7    7-FEB-76 
430. E25    A11   0.7    7-FEB-76 
431. E26    A11   0.7    7-FEB-76 
432. E27    A11   0.7    7-FEB-76 
433. E28    A11   0.7    7-FEB-76 
434. E29    A11   0.7    7-FEB-76 

435. E30    A11   0.7    7-FEB-76 
436. E31    A11   0.7    7-FEB-76 
437. E32    A11   0.7    7-FEB-76 
438. E33    A11   0.7    7-FEB-76 
439. E34    A11   0.7   11-FEB-76 
440. E35    A11   0.7   11-FEB-76 
441. E36    A11   0.7   11-FEB-76 
442. E37    A11   0.7   11-FEB-76 
443. E38    A11   0.7   11-FEB-76 
;KL10 HARDWARE ISOLATION FILES

;DGKAB 

444. F1     A11   0.7   11-FEB-76 
445. F2     A11   0.7   11-FEB-76 
446. F3     A11   0.7   11-FEB-76 
447. F4     A11   0.7   11-FEB-76 
448. F5     A11   0.7   11-FEB-76 
449. F6     A11   0.7   11-FEB-76 
450. F7     A11   0.7   11-FEB-76 
451. F8     A11   0.7   11-FEB-76 
452. F9     A11   0.7   11-FEB-76 

453. F10    A11   0.7   11-FEB-76 
454. F11    A11   0.7   11-FEB-76 
455. F12    A11   0.7   11-FEB-76 
456. F13    A11   0.7   11-FEB-76 
457. F14    A11   0.7   11-FEB-76 
458. F15    A11   0.7   11-FEB-76 
459. F16    A11   0.7    7-FEB-76 
460. F17    A11   0.7    7-FEB-76 
461. F18    A11   0.7    7-FEB-76 
462. F19    A11   0.7    7-FEB-76 

463. F20    A11   0.7    7-FEB-76 
464. F21    A11   0.7    7-FEB-76 
465. F22    A11   0.7    7-FEB-76 
466. F23    A11   0.7    7-FEB-76 
467. F24    A11   0.7    7-FEB-76 
468. F25    A11   0.7    7-FEB-76 
469. F26    A11   0.7   11-FEB-76 
470. F27    A11   0.7   11-FEB-76 
471. F28    A11   0.7   11-FEB-76 
472. F29    A11   0.7   11-FEB-76 

473. F30    A11   0.7   11-FEB-76 
474. F31    A11   0.7   11-FEB-76 
475. F32    A11   0.7   11-FEB-76 
476. F33    A11   0.7   11-FEB-76 
477. F34    A11   0.7   11-FEB-76 
478. F35    A11   0.7   11-FEB-76 
479. F36    A11   0.7   11-FEB-76 
480. F37    A11   0.7   11-FEB-76 
481. F38    A11   0.7   11-FEB-76 
;KL10 HARDWARE ISOLATION FILES

;DGKBA 

482. A1     A11   0.8   23-DEC-75 
483. A2     A11   0.8   23-DEC-75 
484. A3     A11   0.8   23-DEC-75 
485. A4     A11   0.8   23-DEC-75 
486. A5     A11   0.8    2-JAN-76 
487. A6     A11   0.8   23-DEC-75 
488. A7     A11   0.8    2-JAN-76 
489. A8     A11   0.8   23-DEC-75 
490. A9     A11   0.8   23-DEC-75 

491. A10    A11   0.8    2-JAN-76 
492. A11    A11   0.8   23-DEC-75 
493. A12    A11   0.8   23-DEC-75 
494. A13    A11   0.8   23-DEC-75 
495. A14    A11   0.8   23-DEC-75 
496. A15    A11   0.8   11-FEB-76 
497. A16    A11   0.8   23-DEC-75 
498. A17    A11   0.8   23-DEC-75 
499. A18    A11   0.8   23-DEC-75 
500. A19    A11   0.8   23-DEC-75 

501. A20    A11   0.8   23-DEC-75 
502. A21    A11   0.8   23-DEC-75 
503. A22    A11   0.8   23-DEC-75 
504. A23    A11   0.8   23-DEC-75 
505. A24    A11   0.8   23-DEC-75 
506. A25    A11   0.8   11-FEB-76 
507. A26    A11   0.8    2-JAN-76 
508. A27    A11   0.8   11-FEB-76 
;KL10 HARDWARE ISOLATION FILES

;DGKBB 

509. M1     A11   2.7    9-JAN-76 
510. M2     A11   2.7    9-JAN-76 
511. M3     A11   2.7    9-JAN-76 
512. M4     A11   2.7    9-JAN-76 
513. M5     A11   2.7    9-JAN-76 
514. M6     A11   2.7    9-JAN-76 
515. M7     A11   2.7    9-JAN-76 
516. M8     A11   2.7    9-JAN-76 
517. M9     A11   2.7    9-JAN-76 

518. M10    A11   2.7    9-JAN-76 

519. M13    A11   2.7    9-JAN-76 
520. M14    A11   2.7    9-JAN-76 
521. M15    A11   2.7    9-JAN-76 
522. M16    A11   2.7    9-JAN-76 

523. M18    A11   2.7    9-JAN-76 
524. M19    A11   2.7    9-JAN-76 

525. M20    A11   2.7    9-JAN-76 
526. M21    A11   2.7    9-JAN-76 

527. M23    A11   2.7    9-JAN-76 
528. M24    A11   2.7    9-JAN-76 
529. M25    A11   2.7    9-JAN-76 
530. M26    A11   2.7    9-JAN-76 
531. M27    A11   2.7    9-JAN-76 
532. M28    A11   2.7    9-JAN-76 
533. M29    A11   2.7    9-JAN-76 

534. M30    A11   2.7    9-JAN-76 
535. M31    A11   2.7    9-JAN-76 
536. M32    A11   2.7    9-JAN-76 
537. M33    A11   2.7    9-JAN-76 
538. M34    A11   2.7    9-JAN-76 
539. M35    A11   2.7    9-JAN-76 
540. M36    A11   2.7    9-JAN-76 
;KL10 HARDWARE ISOLATION ROUTINES

;DGKCA 

541. D1     A11   0.8    9-JAN-76 
542. D2     A11   0.8    9-JAN-76 
543. D3     A11   0.8    9-JAN-76 
544. D4     A11   0.8    9-JAN-76 
545. D5     A11   0.8    9-JAN-76 
546. D6     A11   0.8    9-JAN-76 
547. D7     A11   0.8    9-JAN-76 
548. D8     A11   0.8    9-JAN-76 
549. D9     A11   0.8    9-JAN-76 

550. D10    A11   0.8    9-JAN-76 
551. D11    A11   0.8    9-JAN-76 
552. D12    A11   0.8    9-JAN-76 
553. D13    A11   0.8    9-JAN-76 
554. D14    A11   0.8    9-JAN-76 
555. D15    A11   0.8    9-JAN-76 
556. D16    A11   0.8    9-JAN-76 
557. D17    A11   0.8    9-JAN-76 
558. D18    A11   0.8    9-JAN-76 
559. D19    A11   0.8    9-JAN-76 

560. D20    A11   0.8    9-JAN-76 
561. D21    A11   0.8    9-JAN-76 
562. D22    A11   0.8    9-JAN-76 
563. D23    A11   0.8    9-JAN-76 
564. D24    A11   0.8    9-JAN-76 
565. D25    A11   0.8    9-JAN-76 
566. D26    A11   0.8    9-JAN-76 
567. D27    A11   0.8    1-MAR-76 
 ;PDP-11 11/40 FRONT-END DIAGNOSTICS

568. TCDP   BIN         13-FEB-76 	DECTAPE LOADER
569. RXDP   BIN         13-FEB-76 	FLOPPY LOADER
570. UPD2   BIN         27-JAN-76 	DEVICE UTILITY PROGRAM
571. XTECO  BIN         27-JAN-76 	TEXT EDITOR
572. COPY   BIN         27-JAN-76 	COPY PROGRAM

573. DBQEAB BIN   0.2   12-FEB-76 	11/40 CPU

574. DZQMCB BIN         12-FEB-76 	MEMORY/PARITY

575. DZBMDF BIN         12-FEB-76 	BM873Y ROM

576. DZCDBA BIN          4-JUN-76 	CD11/CD20 CARD READER
	
577. DZDLCA BIN         12-FEB-76 	DL11/E

578. DZKWAE BIC         15-FEB-76 	KW11-L

579. DZTCBC BIN         29-JUL-75 	TC11 DECTAPE
580. YPTC   BIN         29-OCT-75 	11-DECTAPE FORMATTER

581. ZRXBE0 BIC         14-MAY-76 	RX11 FLOPPY DIAGNOSTIC
582. ZRXAE0 BIC         14-MAY-76 	RX11 FLOPPY RELIABILITY

583. DZDHMA BIN         12-FEB-76 	DH11 DIAGNOSTIC
584. DZDHNA BIN         12-FEB-76 	DH11 RELIABILITY
585. DZDHKC BIN         17-MAY-76 	DM11-BB MODEM

586. DZLPLB BIN          1-MAR-76 	LP20

587. ZRJAA0 BIC          1-MAY-76 	RH11/RP04/5/6 MECH & READ/WRITE
588. ZRJBA0 BIN          1-MAY-76 	RH11/RP04/5/6 FORMATTER
589. ZRJCA0 BIN          1-MAY-76 	RH11/RP04/5/6 HEAD ALIGHMENT VERIFICATION
590. ZRJDA0 BIC          1-MAY-76 	RH11/RP04/5/6 PERFORMANCE EXERCISER
591. ZRJGA0 BIC          1-MAY-76 	RH11/RP04/5/6 DISKLESS CONTROLLER #1
592. ZRJHA0 BIC          1-MAY-76 	RH11/RP04/5/6 DISKLESS CONTROLLER #2
593. ZRJIA0 BIC          1-MAY-76 	RH11/RP04/5/6 FUNCTIONAL CONTROLLER #1
594. ZRJJA0 BIC          1-MAY-76 	RH11/RP04/5/6 FUNCTIONAL CONTROLLER #2
595. SY2040 BIN         10-MAR-76 	2040 FRONT END EXERCISER
596. ZQUXC1 BIN         14-MAY-76 	CONFIGURATOR/LINKER
597. XQLAG0 LIB         14-MAY-76 	MONITOR LIBRARY
598. XQLKA0 LIB         14-MAY-76 	MODULE LIBRARY

599. DFQAAB BIN         25-FEB-76 	1080 FRONT END EXERCISER
;PDP-10 DL10 PDP-11 DIAGNOSTICS

600. CMFAB0 BIC          2-JUN-75 	MS-11 (MOS) & MF11-LP, MF11-P CORE PARITY

601. D8KA0  BIN          3-JUN-75 	KG11 COMMUNICATIONS CRC TEST

602. ZDHAA1 BIC          3-JUN-75 	DH11 STATIC LOGIC TEST
603. DZDHBB BIN          4-MAY-76 	DH11 MEMORY TEST
604. ZDHCA2 BIC          3-JUN-75 	DH11 RECIEVER & TRANSMITTER LOGIC TEST
605. DZDHDC BIN         10-MAY-76 	DH11 SPEED SELECTION LOGIC TEST
606. ZDHEA2 BIC          3-JUN-75 	DH11 CHARACTER LENGTH & BASIC DATA
607. ZDHFA1 BIC          3-JUN-75 	DH11 SINGLE LINE DATA TEST
608. ZDHGB0 BIC          3-JUN-75 	DH11 SINGLE LINE PARITY
609. ZDHHB0 BIC          3-JUN-75 	DH11 AUTO-ECHO TEST
610. ZDHJB0 BIC          3-JUN-75 	DH11 SINGLE LINE/ECHO/ONLINE
611. ZDHLA0 BIN          4-JUN-75 	DH11 OVERLAY FOR INTERPROCESSOR TEST
612. ZDMDA0 BIC          3-JUN-75 	DM11 BB MODEM CONTROL DIAGNOSTIC

613. DZDQAB BIN         24-MAY-76 	DQ11 BASIC LOGIC TEST PART 1
614. DZDQCC BIN         24-MAY-76 	DQ11 INTERRUPT LOGIC TEST
615. ZDQDA0 BIN          3-JUN-75 	DQ11 RECIEVER & TRANSMITTER TEST
616. DZDQEC BIN         24-MAY-76 	DQ11 MISC RX & TX + BCC TEST
617. ZDQGA0 BIN          3-JUN-75 	DQ11 TRAIL PROGRAM & PARAMETER INPUT

618. ZITAB0 BIC          3-JUN-75 	INTERPROCESSOR TEST PROGRAM (ITP)

619. DZKAQF BIN         27-JUL-76 	PDP-11 POWER FAIL TEST

620. ZKLAD0 BIC          2-JUN-75 	KL11/DL11-A TELETYPE TEST

621. ZQMAB0 BIC          2-JUN-75 	MEMORY I/O EXERCISER
622. ZQMBG0 BIC          2-JUN-75 	ZERO-124K MEMORY EXERCISER
